// Jest Snapshot v1, https://goo.gl/fbAQLP

exports[`Main tests should match snapshot on initial render 1`] = `
Object {
  "asFragment": [Function],
  "baseElement": <body>
    <div>
      <div
        class="sc-jrcTuL epmhYW"
        color="#000000"
      >
        <h3
          class="sc-kDvujY bHtcak"
        >
          Item id: 
          1
        </h3>
        <h1
          class="sc-ipEyDJ bKvrlp"
        >
          Test
        </h1>
        <span
          class="sc-eDWCr ikxCTO"
        >
          Click for more...
        </span>
        <h2
          class="sc-csuSiG jaQmxB"
        >
          2023
        </h2>
      </div>
    </div>
  </body>,
  "container": <div>
    <div
      class="sc-jrcTuL epmhYW"
      color="#000000"
    >
      <h3
        class="sc-kDvujY bHtcak"
      >
        Item id: 
        1
      </h3>
      <h1
        class="sc-ipEyDJ bKvrlp"
      >
        Test
      </h1>
      <span
        class="sc-eDWCr ikxCTO"
      >
        Click for more...
      </span>
      <h2
        class="sc-csuSiG jaQmxB"
      >
        2023
      </h2>
    </div>
  </div>,
  "debug": [Function],
  "findAllByAltText": [Function],
  "findAllByDisplayValue": [Function],
  "findAllByLabelText": [Function],
  "findAllByPlaceholderText": [Function],
  "findAllByRole": [Function],
  "findAllByTestId": [Function],
  "findAllByText": [Function],
  "findAllByTitle": [Function],
  "findByAltText": [Function],
  "findByDisplayValue": [Function],
  "findByLabelText": [Function],
  "findByPlaceholderText": [Function],
  "findByRole": [Function],
  "findByTestId": [Function],
  "findByText": [Function],
  "findByTitle": [Function],
  "getAllByAltText": [Function],
  "getAllByDisplayValue": [Function],
  "getAllByLabelText": [Function],
  "getAllByPlaceholderText": [Function],
  "getAllByRole": [Function],
  "getAllByTestId": [Function],
  "getAllByText": [Function],
  "getAllByTitle": [Function],
  "getByAltText": [Function],
  "getByDisplayValue": [Function],
  "getByLabelText": [Function],
  "getByPlaceholderText": [Function],
  "getByRole": [Function],
  "getByTestId": [Function],
  "getByText": [Function],
  "getByTitle": [Function],
  "queryAllByAltText": [Function],
  "queryAllByDisplayValue": [Function],
  "queryAllByLabelText": [Function],
  "queryAllByPlaceholderText": [Function],
  "queryAllByRole": [Function],
  "queryAllByTestId": [Function],
  "queryAllByText": [Function],
  "queryAllByTitle": [Function],
  "queryByAltText": [Function],
  "queryByDisplayValue": [Function],
  "queryByLabelText": [Function],
  "queryByPlaceholderText": [Function],
  "queryByRole": [Function],
  "queryByTestId": [Function],
  "queryByText": [Function],
  "queryByTitle": [Function],
  "rerender": [Function],
  "store": Object {
    "@@observable": [Function],
    "dispatch": [Function],
    "getState": [Function],
    "replaceReducer": [Function],
    "subscribe": [Function],
  },
  "unmount": [Function],
}
`;
